// Jest Snapshot v1, https://goo.gl/fbAQLP

exports[`MzTableCell tests renders correctly 1`] = `
<td>
  1
</td>
`;
